C51 COMPILER V9.52.0.0   DIEUKHIENLEDDONDICHBIT                                            05/18/2022 18:43:28 PAGE 1   


C51 COMPILER V9.52.0.0, COMPILATION OF MODULE DIEUKHIENLEDDONDICHBIT
OBJECT MODULE PLACED IN dieuKhienLedDonDichBit.OBJ
COMPILER INVOKED BY: C:\Keil\C51\BIN\C51.EXE dieuKhienLedDonDichBit.c BROWSE DEBUG OBJECTEXTEND TABS(2)

line level    source

   1          
   2          /*
   3          2.1 chay tu d1 den d8 tat tu d1 den d8
   4          2.2 giu trang thai tu d1 den d8 va tat tu d8 den d1
   5          2.3 sang tu giua ra hai ben va giu trang thai 
   6          */
   7          
   8          //=================================================
   9          //bai 2  SU DUNG PHEP DICH BIT DIEU KHIEN MUC CAO (MUC 1)
  10          #include <regx52.h>
  11          
  12          void delay(int time){
  13   1      while(time--){}
  14   1      }
  15          void traiPhaiNhay(){
  16   1        //nhay tu trai sang phai
  17   1      unsigned char a,b;
  18   1        int i;
  19   1        a = 0x01; // 0000 0001
  20   1        for(i = 0; i < 8; i++){
  21   2          P2 = a;
  22   2          delay(10000);
  23   2          a = a << 1; // cac bit se luon luon doc tu 7 6 5 4 3 2 1 0. --> chay tu 0 den 7
  24   2        }
  25   1        //nhay phai sang trai
  26   1        b = 0x80; // 1000 0000
  27   1        for(i = 0; i < 8; i++){
  28   2          P2 = b;
  29   2          delay(10000);
  30   2          b = b >> 1; // cac bit se luon luon doc tu 7 6 5 4 3 2 1 0. --> chay tu 7 den 0
  31   2        }
  32   1      }
  33          void giuTraiPhai(){
  34   1      unsigned char a;
  35   1        int i;
  36   1        a = 0x01;
  37   1        for(i = 0; i < 8; i++){
  38   2          P2 = a;
  39   2          a = a << 1;
  40   2          a = a | 0x01;
  41   2          delay(10000);
  42   2        }
  43   1      }
  44          void giuaHaiBenGiu(){
  45   1      unsigned char a, b;
  46   1        int i;
  47   1        a = 0x10;
  48   1        b = 0x08;
  49   1        for(i = 0; i < 4; i++){
  50   2          P2 = a + b;
  51   2          delay(10000);
  52   2          b = b >> 1; 
  53   2          a = a << 1;     
  54   2          a = a | 0x10;
  55   2          b = b | 0x08;
C51 COMPILER V9.52.0.0   DIEUKHIENLEDDONDICHBIT                                            05/18/2022 18:43:28 PAGE 2   

  56   2        }
  57   1      }
  58          void haiBenGiua(){
  59   1      unsigned char a, b;
  60   1        int i;
  61   1        a = 0x01;
  62   1        b = 0x80;
  63   1        for(i = 0; i < 4; i++){
  64   2          P2 = a + b;
  65   2          delay(10000);
  66   2          a = a << 1;
  67   2          b = b >> 1;
  68   2        }
  69   1      }
  70          void main(){
  71   1        P2 = 0x00;  //tat het port 2
  72   1        while(1){
  73   2        //  traiPhaiNhay();
  74   2          //giuTraiPhai();
  75   2          giuaHaiBenGiu();
  76   2          //haiBenGiua();
  77   2        }
  78   1      }


MODULE INFORMATION:   STATIC OVERLAYABLE
   CODE SIZE        =    173    ----
   CONSTANT SIZE    =   ----    ----
   XDATA SIZE       =   ----    ----
   PDATA SIZE       =   ----    ----
   DATA SIZE        =   ----    ----
   IDATA SIZE       =   ----    ----
   BIT SIZE         =   ----    ----
END OF MODULE INFORMATION.


C51 COMPILATION COMPLETE.  0 WARNING(S),  0 ERROR(S)
